// Jest Snapshot v1, https://goo.gl/fbAQLP

exports[`SwapRouter gas tests #exactInput 0 -> 1 -> 2 1`] = `172522`;

exports[`SwapRouter gas tests #exactInput 0 -> 1 1`] = `107782`;

exports[`SwapRouter gas tests #exactInput 0 -> 1 minimal 1`] = `98038`;

exports[`SwapRouter gas tests #exactInput 0 -> WETH9 1`] = `127535`;

exports[`SwapRouter gas tests #exactInput 2 trades (via router) 1`] = `188816`;

exports[`SwapRouter gas tests #exactInput 3 trades (directly to sender) 1`] = `258604`;

exports[`SwapRouter gas tests #exactInput WETH9 -> 0 1`] = `106106`;

exports[`SwapRouter gas tests #exactInputSingle 0 -> 1 1`] = `107181`;

exports[`SwapRouter gas tests #exactInputSingle 0 -> WETH9 1`] = `126928`;

exports[`SwapRouter gas tests #exactInputSingle WETH9 -> 0 1`] = `105505`;

exports[`SwapRouter gas tests #exactOutput 0 -> 1 -> 2 1`] = `169233`;

exports[`SwapRouter gas tests #exactOutput 0 -> 1 1`] = `111714`;

exports[`SwapRouter gas tests #exactOutput 0 -> WETH9 1`] = `128778`;

exports[`SwapRouter gas tests #exactOutput WETH9 -> 0 1`] = `119648`;

exports[`SwapRouter gas tests #exactOutputSingle 0 -> 1 1`] = `111858`;

exports[`SwapRouter gas tests #exactOutputSingle 0 -> WETH9 1`] = `128922`;

exports[`SwapRouter gas tests #exactOutputSingle WETH9 -> 0 1`] = `114257`;

exports[`SwapRouter gas tests 3 trades (directly to sender) 1`] = `179420`;
